Build Summary: 3/3 steps succeeded; 1/1 tests passed
test success
+- run test 1 pass (1 total) 7ms MaxRSS:1M
   +- compile test ReleaseSafe native success 10s MaxRSS:361M

Build Summary: 43/43 steps succeeded; 62/62 tests passed
verify success
+- compile exe baz-streaming ReleaseSafe native success 9s MaxRSS:394M
+- compile exe baz ReleaseSafe native success 9s MaxRSS:399M
+- compile exe hello ReleaseSafe native success 10s MaxRSS:387M
+- compile exe hello2 ReleaseSafe native success 9s MaxRSS:389M
+- compile exe hello_json ReleaseSafe native success 11s MaxRSS:390M
+- compile exe simple_router ReleaseSafe native success 12s MaxRSS:390M
+- compile exe routes ReleaseSafe native success 9s MaxRSS:388M
+- compile exe serve ReleaseSafe native success 9s MaxRSS:387M
+- compile exe sendfile ReleaseSafe native success 9s MaxRSS:387M
+- compile exe senderror ReleaseSafe native success 9s MaxRSS:389M
+- compile exe accept ReleaseSafe native success 10s MaxRSS:391M
+- compile exe app_basic ReleaseSafe native success 12s MaxRSS:387M
+- compile exe app_auth ReleaseSafe native success 12s MaxRSS:387M
+- compile exe app_errors ReleaseSafe native success 9s MaxRSS:390M
+- compile exe endpoint ReleaseSafe native success 10s MaxRSS:413M
+- compile exe endpoint_auth ReleaseSafe native success 12s MaxRSS:388M
+- compile exe middleware ReleaseSafe native success 12s MaxRSS:388M
+- compile exe middleware_with_endpoint ReleaseSafe native success 8s MaxRSS:390M
+- compile exe userpass_session ReleaseSafe native success 8s MaxRSS:395M
+- compile exe cookies ReleaseSafe native success 9s MaxRSS:390M
+- compile exe http_params ReleaseSafe native success 9s MaxRSS:392M
+- compile exe bindataformpost ReleaseSafe native success 9s MaxRSS:396M
+- compile exe streaming ReleaseSafe native success 12s MaxRSS:388M
+- zig fmt --check success
+- run python3 success 140ms
+- run /Users/runner/work/_temp/baz-zig/zig-aarch64-macos-0.16.0/zig success 10s
+- run test 3 pass (3 total) 7ms MaxRSS:1M
|  +- compile test ReleaseSafe native success 8s MaxRSS:343M
+- run test 5 pass (5 total) 6ms MaxRSS:1M
|  +- compile test ReleaseSafe native success 6s MaxRSS:345M
+- run test 12 pass (12 total) 6ms MaxRSS:1M
|  +- compile test ReleaseSafe native success 7s MaxRSS:368M
+- run test 8 pass (8 total) 3ms MaxRSS:1M
|  +- compile test ReleaseSafe native success 6s MaxRSS:354M
+- run test 7 pass (7 total) 3ms MaxRSS:1M
|  +- compile test ReleaseSafe native success 7s MaxRSS:357M
+- run test 2 pass (2 total) 3ms MaxRSS:1M
|  +- compile test ReleaseSafe native success 6s MaxRSS:340M
+- run test 25 pass (25 total) 22ms MaxRSS:2M
|  +- compile test ReleaseSafe native success 11s MaxRSS:455M
+- run test success 6ms MaxRSS:1M
   +- compile test ReleaseSafe native success 8s MaxRSS:334M

