Build Summary: 4/4 steps succeeded; 2/2 tests passed
test success
+- run test 2 pass (2 total) 313ms MaxRSS:3M
   +- compile test Debug native success 1s MaxRSS:330M
      +- options cached

Build Summary: 48/48 steps succeeded; 90/90 tests passed
verify success
+- compile exe baz-streaming Debug native success 1s MaxRSS:315M
|  +- options cached
+- compile exe baz Debug native success 1s MaxRSS:321M
|  +- options (reused)
+- compile exe baz-borrow Debug native success 1s MaxRSS:413M
|  +- options (reused)
+- compile exe hello Debug native success 1s MaxRSS:313M
|  +- options (reused)
+- compile exe hello2 Debug native success 1s MaxRSS:306M
|  +- options (reused)
+- compile exe hello_json Debug native success 1s MaxRSS:306M
|  +- options (reused)
+- compile exe simple_router Debug native success 1s MaxRSS:306M
|  +- options (reused)
+- compile exe routes Debug native success 1s MaxRSS:304M
|  +- options (reused)
+- compile exe serve Debug native success 1s MaxRSS:303M
|  +- options (reused)
+- compile exe sendfile Debug native success 1s MaxRSS:305M
|  +- options (reused)
+- compile exe senderror Debug native success 1s MaxRSS:307M
|  +- options (reused)
+- compile exe accept Debug native success 1s MaxRSS:307M
|  +- options (reused)
+- compile exe app_basic Debug native success 1s MaxRSS:305M
|  +- options (reused)
+- compile exe app_auth Debug native success 1s MaxRSS:304M
|  +- options (reused)
+- compile exe app_errors Debug native success 1s MaxRSS:308M
|  +- options (reused)
+- compile exe endpoint Debug native success 1s MaxRSS:324M
|  +- options (reused)
+- compile exe endpoint_auth Debug native success 1s MaxRSS:305M
|  +- options (reused)
+- compile exe middleware Debug native success 1s MaxRSS:305M
|  +- options (reused)
+- compile exe middleware_with_endpoint Debug native success 1s MaxRSS:305M
|  +- options (reused)
+- compile exe userpass_session Debug native success 1s MaxRSS:309M
|  +- options (reused)
+- compile exe cookies Debug native success 1s MaxRSS:308M
|  +- options (reused)
+- compile exe http_params Debug native success 1s MaxRSS:308M
|  +- options (reused)
+- compile exe bindataformpost Debug native success 1s MaxRSS:312M
|  +- options (reused)
+- compile exe streaming Debug native success 1s MaxRSS:312M
|  +- options (reused)
+- compile exe mustache Debug native success 1s MaxRSS:338M
|  +- options (reused)
+- zig fmt --check success
+- run python3 success 67ms
+- run /Users/rs/renerocksai.stow/nvim/.local/share/zigup/0.16.0/files/zig success 5s
+- run test 3 pass (3 total) 305ms MaxRSS:2M
|  +- compile test Debug native success 1s MaxRSS:277M
|     +- options (reused)
+- run test 5 pass (5 total) 552ms MaxRSS:2M
|  +- compile test Debug native success 1s MaxRSS:286M
|     +- options (reused)
+- run test 12 pass (12 total) 320ms MaxRSS:2M
|  +- compile test Debug native success 1s MaxRSS:300M
|     +- options (reused)
+- run test 8 pass (8 total) 306ms MaxRSS:2M
|  +- compile test Debug native success 1s MaxRSS:288M
|     +- options (reused)
+- run test 18 pass (18 total) 340ms MaxRSS:3M
|  +- compile test Debug native success 2s MaxRSS:429M
|     +- options (reused)
+- run test 2 pass (2 total) 323ms MaxRSS:2M
|  +- compile test Debug native success 1s MaxRSS:280M
|     +- options (reused)
+- run test 6 pass (6 total) 310ms MaxRSS:3M
|  +- compile test Debug native success 1s MaxRSS:310M
|     +- options (reused)
+- run test 36 pass (36 total) 398ms MaxRSS:4M
|  +- compile test Debug native success 2s MaxRSS:510M
|     +- options (reused)
+- run test success 309ms MaxRSS:2M
   +- compile test Debug native success 1s MaxRSS:269M
      +- options (reused)

