Build Summary: 3/3 steps succeeded; 1/1 tests passed
test success
+- run test 1 pass (1 total) 12ms MaxRSS:5M
   +- compile test Debug native success 4s MaxRSS:282M

Build Summary: 44/44 steps succeeded; 68/68 tests passed
verify success
+- compile exe baz-streaming Debug native success 4s MaxRSS:292M
+- compile exe baz Debug native success 5s MaxRSS:294M
+- compile exe baz-borrow Debug native success 6s MaxRSS:312M
+- compile exe hello Debug native success 5s MaxRSS:287M
+- compile exe hello2 Debug native success 5s MaxRSS:287M
+- compile exe hello_json Debug native success 4s MaxRSS:288M
+- compile exe simple_router Debug native success 7s MaxRSS:286M
+- compile exe routes Debug native success 1m MaxRSS:288M
+- compile exe serve Debug native success 4s MaxRSS:288M
+- compile exe sendfile Debug native success 4s MaxRSS:286M
+- compile exe senderror Debug native success 4s MaxRSS:287M
+- compile exe accept Debug native success 5s MaxRSS:285M
+- compile exe app_basic Debug native success 4s MaxRSS:288M
+- compile exe app_auth Debug native success 6s MaxRSS:287M
+- compile exe app_errors Debug native success 5s MaxRSS:284M
+- compile exe endpoint Debug native success 5s MaxRSS:300M
+- compile exe endpoint_auth Debug native success 5s MaxRSS:286M
+- compile exe middleware Debug native success 5s MaxRSS:287M
+- compile exe middleware_with_endpoint Debug native success 5s MaxRSS:288M
+- compile exe userpass_session Debug native success 1m MaxRSS:297M
+- compile exe cookies Debug native success 4s MaxRSS:288M
+- compile exe http_params Debug native success 4s MaxRSS:290M
+- compile exe bindataformpost Debug native success 6s MaxRSS:287M
+- compile exe streaming Debug native success 4s MaxRSS:288M
+- zig fmt --check success
+- run python3 success 981ms
+- run D:\a\_temp\baz-zig\zig-x86_64-windows-0.16.0\zig.exe success 13s
+- run test 3 pass (3 total) 15ms MaxRSS:4M
|  +- compile test Debug native success 4s MaxRSS:266M
+- run test 5 pass (5 total) 14ms MaxRSS:4M
|  +- compile test Debug native success 5s MaxRSS:267M
+- run test 12 pass (12 total) 15ms MaxRSS:5M
|  +- compile test Debug native success 13s MaxRSS:282M
+- run test 8 pass (8 total) 20ms MaxRSS:4M
|  +- compile test Debug native success 5s MaxRSS:273M
+- run test 10 pass (10 total) 21ms MaxRSS:4M
|  +- compile test Debug native success 5s MaxRSS:307M
+- run test 2 pass (2 total) 18ms MaxRSS:4M
|  +- compile test Debug native success 3s MaxRSS:263M
+- run test 28 pass (28 total) 43ms MaxRSS:6M
|  +- compile test Debug native success 7s MaxRSS:381M
+- run test success 12ms MaxRSS:4M
   +- compile test Debug native success 1m MaxRSS:260M

