{"binary_sha256": "20524baa6a0606082570eb997e80a74759fb230dff275007a85bf5c39d2ddfe4", "command": ["/Users/rs/code/github.com/technologylab.ai/bounded-http-streaming/.zig-cache/embedding-ReleaseSafe/bin/embedded-http", "--port", "0", "--duration-ms", "1500"], "elapsed_seconds": 1.870160792, "exact_responses": 3, "methods": ["GET", "HEAD", "GET"], "ok": true, "platform": "macOS-26.6.2-arm64-arm-64bit", "server_log": "READY port=65421\nSTATS {\"execution\":\"inline_event_loop\",\"gather_send\":true,\"response_batch_limit\":128,\"callbacks_per_turn\":2048,\"shards\":1,\"response_batches\":1,\"batched_finished_responses\":3,\"max_batch_responses\":3,\"scalar_send_operations\":0,\"gather_send_operations\":1,\"single_span_send_operations\":1,\"borrow_copies\":3,\"response_draft_copy_bytes\":0,\"send_completions\":1,\"short_send_completions\":0,\"gather_cancel_requests\":0,\"gather_canceled_completions\":0,\"max_canceled_batch_responses\":0,\"max_send_parts\":1,\"max_send_bytes\":417,\"max_inline_callbacks_per_turn\":3,\"inline_dispatches\":3,\"worker_dispatches\":0,\"accepted\":1,\"handoffs_sent\":0,\"handoffs_received\":0,\"handoffs_closed\":0,\"max_handoff_delay_ns\":0,\"completed\":3,\"rejected\":0,\"timeouts\":0,\"flushes\":0,\"resumed\":0,\"bytes_received\":146,\"bytes_sent\":417,\"pipeline_copy_bytes\":0,\"live_connections\":0,\"peak_connections\":1,\"live_operations\":0,\"peak_operations\":2,\"max_loop_ns\":49000,\"turns\":133,\"idle_polls\":129,\"prearmed_receives\":0,\"max_handler_ns\":0,\"max_queue_ns\":0,\"max_request_ns\":156000,\"workers\":0,\"allocation_calls_after_start\":0,\"framework_heap_peak_bytes\":3709258,\"framework_heap_limit_bytes\":16777216}\n", "stats": {"accepted": 1, "allocation_calls_after_start": 0, "batched_finished_responses": 3, "borrow_copies": 3, "bytes_received": 146, "bytes_sent": 417, "callbacks_per_turn": 2048, "completed": 3, "execution": "inline_event_loop", "flushes": 0, "framework_heap_limit_bytes": 16777216, "framework_heap_peak_bytes": 3709258, "gather_cancel_requests": 0, "gather_canceled_completions": 0, "gather_send": true, "gather_send_operations": 1, "handoffs_closed": 0, "handoffs_received": 0, "handoffs_sent": 0, "idle_polls": 129, "inline_dispatches": 3, "live_connections": 0, "live_operations": 0, "max_batch_responses": 3, "max_canceled_batch_responses": 0, "max_handler_ns": 0, "max_handoff_delay_ns": 0, "max_inline_callbacks_per_turn": 3, "max_loop_ns": 49000, "max_queue_ns": 0, "max_request_ns": 156000, "max_send_bytes": 417, "max_send_parts": 1, "peak_connections": 1, "peak_operations": 2, "pipeline_copy_bytes": 0, "prearmed_receives": 0, "rejected": 0, "response_batch_limit": 128, "response_batches": 1, "response_draft_copy_bytes": 0, "resumed": 0, "scalar_send_operations": 0, "send_completions": 1, "shards": 1, "short_send_completions": 0, "single_span_send_operations": 1, "timeouts": 0, "turns": 133, "worker_dispatches": 0, "workers": 0}}
Build Summary: 18/18 steps succeeded; 100/104 tests passed (4 skipped)
verify success
+- compile exe bounded-http ReleaseSafe native success 6s MaxRSS:400M
+- zig fmt --check success
+- run python3 success 62ms
+- run python3 success 1s
|  +- run /Users/rs/renerocksai.stow/nvim/.local/share/zigup/0.16.0/files/zig success 6s
+- run test 15 pass (15 total) 493ms MaxRSS:1M
|  +- compile test ReleaseSafe native success 5s MaxRSS:363M
+- run test 25 pass (25 total) 581ms MaxRSS:1M
|  +- compile test ReleaseSafe native success 5s MaxRSS:370M
+- run test 1 pass (1 total) 281ms MaxRSS:1M
|  +- compile test ReleaseSafe native success 4s MaxRSS:345M
+- run test 7 pass (7 total) 455ms MaxRSS:2M
|  +- compile test ReleaseSafe native success 5s MaxRSS:355M
+- run test 52 pass, 4 skip (56 total) 339ms MaxRSS:3M
   +- compile test ReleaseSafe native success 6s MaxRSS:406M
install success
+- install bounded-http success
   +- compile exe bounded-http ReleaseSafe native (reused)

