Build Summary: 51/51 steps succeeded; 190/194 tests passed (4 skipped)
verify success
+- compile exe zig-http ReleaseSafe native cached 111ms MaxRSS:31M
+- compile exe http-app ReleaseSafe native cached 89ms MaxRSS:31M
+- compile exe hello ReleaseSafe native success 6s MaxRSS:395M
+- compile exe hello2 ReleaseSafe native success 6s MaxRSS:401M
+- compile exe hello_json ReleaseSafe native success 6s MaxRSS:394M
+- compile exe simple_router ReleaseSafe native success 6s MaxRSS:393M
+- compile exe routes ReleaseSafe native success 6s MaxRSS:400M
+- compile exe serve ReleaseSafe native success 6s MaxRSS:392M
+- compile exe sendfile ReleaseSafe native success 6s MaxRSS:394M
+- compile exe senderror ReleaseSafe native success 6s MaxRSS:392M
+- compile exe accept ReleaseSafe native success 6s MaxRSS:394M
+- compile exe app_basic ReleaseSafe native success 6s MaxRSS:394M
+- compile exe app_auth ReleaseSafe native success 6s MaxRSS:392M
+- compile exe app_errors ReleaseSafe native success 6s MaxRSS:402M
+- compile exe endpoint ReleaseSafe native success 7s MaxRSS:419M
+- compile exe endpoint_auth ReleaseSafe native success 6s MaxRSS:394M
+- compile exe middleware ReleaseSafe native success 6s MaxRSS:395M
+- compile exe middleware_with_endpoint ReleaseSafe native success 6s MaxRSS:399M
+- compile exe userpass_session ReleaseSafe native success 6s MaxRSS:405M
+- compile exe cookies ReleaseSafe native success 6s MaxRSS:396M
+- compile exe http_params ReleaseSafe native success 6s MaxRSS:405M
+- compile exe bindataformpost ReleaseSafe native success 6s MaxRSS:404M
+- zig fmt --check success
+- run python3 success 68ms
+- run test 15 pass (15 total) 306ms MaxRSS:1M
|  +- compile test ReleaseSafe native success 4s MaxRSS:362M
+- run test 5 pass (5 total) 281ms MaxRSS:1M
|  +- compile test ReleaseSafe native success 4s MaxRSS:353M
+- run test 1 pass (1 total) 286ms MaxRSS:1M
|  +- compile test ReleaseSafe native success 4s MaxRSS:344M
+- run test 7 pass (7 total) 336ms MaxRSS:2M
|  +- compile test ReleaseSafe native success 4s MaxRSS:357M
+- run test 41 pass, 2 skip (43 total) 322ms MaxRSS:3M
|  +- compile test ReleaseSafe native success 6s MaxRSS:403M
+- run test 3 pass (3 total) 289ms MaxRSS:1M
|  +- compile test ReleaseSafe native success 4s MaxRSS:351M
+- run test 5 pass (5 total) 286ms MaxRSS:1M
|  +- compile test ReleaseSafe native success 4s MaxRSS:356M
+- run test 27 pass (27 total) 287ms MaxRSS:1M
|  +- compile test ReleaseSafe native success 5s MaxRSS:384M
+- run test 8 pass (8 total) 418ms MaxRSS:1M
|  +- compile test ReleaseSafe native success 5s MaxRSS:360M
+- run test 11 pass (11 total) 288ms MaxRSS:1M
|  +- compile test ReleaseSafe native success 4s MaxRSS:363M
+- run test 2 pass (2 total) 428ms MaxRSS:1M
|  +- compile test ReleaseSafe native success 4s MaxRSS:347M
+- run test 65 pass, 2 skip (67 total) 343ms MaxRSS:3M
|  +- compile test ReleaseSafe native success 7s MaxRSS:489M
+- run test success 286ms MaxRSS:1M
   +- compile test ReleaseSafe native success 4s MaxRSS:342M

