Build Summary: 3/3 steps succeeded; 1/1 tests passed
test success
+- run test 1 pass (1 total) 302ms MaxRSS:2M
   +- compile test Debug native success 1s MaxRSS:302M

Build Summary: 44/44 steps succeeded; 68/68 tests passed
verify success
+- compile exe baz-streaming Debug native success 1s MaxRSS:309M
+- compile exe baz Debug native success 1s MaxRSS:313M
+- compile exe baz-borrow Debug native success 1s MaxRSS:395M
+- compile exe hello Debug native success 1s MaxRSS:299M
+- compile exe hello2 Debug native success 1s MaxRSS:307M
+- compile exe hello_json Debug native success 1s MaxRSS:306M
+- compile exe simple_router Debug native success 1s MaxRSS:302M
+- compile exe routes Debug native success 1s MaxRSS:302M
+- compile exe serve Debug native success 1s MaxRSS:307M
+- compile exe sendfile Debug native success 1s MaxRSS:303M
+- compile exe senderror Debug native success 1s MaxRSS:306M
+- compile exe accept Debug native success 1s MaxRSS:305M
+- compile exe app_basic Debug native success 1s MaxRSS:299M
+- compile exe app_auth Debug native success 1s MaxRSS:307M
+- compile exe app_errors Debug native success 1s MaxRSS:302M
+- compile exe endpoint Debug native success 1s MaxRSS:319M
+- compile exe endpoint_auth Debug native success 1s MaxRSS:303M
+- compile exe middleware Debug native success 1s MaxRSS:304M
+- compile exe middleware_with_endpoint Debug native success 1s MaxRSS:304M
+- compile exe userpass_session Debug native success 1s MaxRSS:307M
+- compile exe cookies Debug native success 1s MaxRSS:306M
+- compile exe http_params Debug native success 1s MaxRSS:303M
+- compile exe bindataformpost Debug native success 1s MaxRSS:312M
+- compile exe streaming Debug native success 1s MaxRSS:306M
+- zig fmt --check success
+- run python3 success 83ms
+- run /Users/rs/renerocksai.stow/nvim/.local/share/zigup/0.16.0/files/zig success 6s
+- run test 3 pass (3 total) 320ms MaxRSS:2M
|  +- compile test Debug native success 1s MaxRSS:277M
+- run test 5 pass (5 total) 305ms MaxRSS:2M
|  +- compile test Debug native success 1s MaxRSS:282M
+- run test 12 pass (12 total) 303ms MaxRSS:2M
|  +- compile test Debug native success 1s MaxRSS:305M
+- run test 8 pass (8 total) 555ms MaxRSS:2M
|  +- compile test Debug native success 1s MaxRSS:289M
+- run test 10 pass (10 total) 334ms MaxRSS:2M
|  +- compile test Debug native success 1s MaxRSS:383M
+- run test 2 pass (2 total) 502ms MaxRSS:2M
|  +- compile test Debug native success 1s MaxRSS:273M
+- run test 28 pass (28 total) 427ms MaxRSS:3M
|  +- compile test Debug native success 2s MaxRSS:460M
+- run test success 304ms MaxRSS:2M
   +- compile test Debug native success 1s MaxRSS:267M

