Build Summary: 3/3 steps succeeded; 1/1 tests passed
test success
+- run test 1 pass (1 total) 10ms MaxRSS:5M
   +- compile test Debug native success 3s MaxRSS:346M

Build Summary: 41/41 steps succeeded; 60/60 tests passed
verify success
+- compile exe baz Debug native success 8s MaxRSS:376M
+- compile exe hello Debug native success 3s MaxRSS:355M
+- compile exe hello2 Debug native success 4s MaxRSS:351M
+- compile exe hello_json Debug native success 4s MaxRSS:351M
+- compile exe simple_router Debug native success 5s MaxRSS:356M
+- compile exe routes Debug native success 8s MaxRSS:359M
+- compile exe serve Debug native success 3s MaxRSS:361M
+- compile exe sendfile Debug native success 5s MaxRSS:355M
+- compile exe senderror Debug native success 5s MaxRSS:352M
+- compile exe accept Debug native success 5s MaxRSS:358M
+- compile exe app_basic Debug native success 4s MaxRSS:361M
+- compile exe app_auth Debug native success 3s MaxRSS:353M
+- compile exe app_errors Debug native success 3s MaxRSS:349M
+- compile exe endpoint Debug native success 5s MaxRSS:367M
+- compile exe endpoint_auth Debug native success 3s MaxRSS:348M
+- compile exe middleware Debug native success 3s MaxRSS:352M
+- compile exe middleware_with_endpoint Debug native success 3s MaxRSS:351M
+- compile exe userpass_session Debug native success 3s MaxRSS:352M
+- compile exe cookies Debug native success 7s MaxRSS:353M
+- compile exe http_params Debug native success 4s MaxRSS:354M
+- compile exe bindataformpost Debug native success 3s MaxRSS:357M
+- zig fmt --check success
+- run python3 success 39ms
+- run /home/runner/work/_temp/baz-zig/zig-x86_64-linux-0.16.0/zig success 6s
+- run test 3 pass (3 total) 12ms MaxRSS:5M
|  +- compile test Debug native success 4s MaxRSS:330M
+- run test 5 pass (5 total) 10ms MaxRSS:7M
|  +- compile test Debug native success 3s MaxRSS:331M
+- run test 12 pass (12 total) 12ms MaxRSS:6M
|  +- compile test Debug native success 3s MaxRSS:351M
+- run test 8 pass (8 total) 10ms MaxRSS:6M
|  +- compile test Debug native success 3s MaxRSS:340M
+- run test 6 pass (6 total) 10ms MaxRSS:5M
|  +- compile test Debug native success 3s MaxRSS:335M
+- run test 2 pass (2 total) 11ms MaxRSS:6M
|  +- compile test Debug native success 3s MaxRSS:319M
+- run test 24 pass (24 total) 25ms MaxRSS:7M
|  +- compile test Debug native success 5s MaxRSS:447M
+- run test success 12ms MaxRSS:7M
   +- compile test Debug native success 3s MaxRSS:324M

