Build Summary: 3/3 steps succeeded; 1/1 tests passed
test success
+- run test 1 pass (1 total) 3ms MaxRSS:4M
   +- compile test ReleaseSafe native success 16s MaxRSS:406M

Build Summary: 41/41 steps succeeded; 60/60 tests passed
verify success
+- compile exe baz ReleaseSafe native success 25s MaxRSS:448M
+- compile exe hello ReleaseSafe native success 18s MaxRSS:453M
+- compile exe hello2 ReleaseSafe native success 17s MaxRSS:447M
+- compile exe hello_json ReleaseSafe native success 18s MaxRSS:444M
+- compile exe simple_router ReleaseSafe native success 18s MaxRSS:470M
+- compile exe routes ReleaseSafe native success 18s MaxRSS:434M
+- compile exe serve ReleaseSafe native success 18s MaxRSS:449M
+- compile exe sendfile ReleaseSafe native success 24s MaxRSS:437M
+- compile exe senderror ReleaseSafe native success 24s MaxRSS:448M
+- compile exe accept ReleaseSafe native success 18s MaxRSS:447M
+- compile exe app_basic ReleaseSafe native success 18s MaxRSS:451M
+- compile exe app_auth ReleaseSafe native success 25s MaxRSS:442M
+- compile exe app_errors ReleaseSafe native success 30s MaxRSS:452M
+- compile exe endpoint ReleaseSafe native success 26s MaxRSS:464M
+- compile exe endpoint_auth ReleaseSafe native success 24s MaxRSS:432M
+- compile exe middleware ReleaseSafe native success 22s MaxRSS:463M
+- compile exe middleware_with_endpoint ReleaseSafe native success 18s MaxRSS:443M
+- compile exe userpass_session ReleaseSafe native success 30s MaxRSS:452M
+- compile exe cookies ReleaseSafe native success 19s MaxRSS:434M
+- compile exe http_params ReleaseSafe native success 18s MaxRSS:444M
+- compile exe bindataformpost ReleaseSafe native success 20s MaxRSS:454M
+- zig fmt --check success
+- run python3 success 45ms
+- run /home/runner/work/_temp/baz-zig/zig-x86_64-linux-0.16.0/zig success 16s
+- run test 3 pass (3 total) 3ms MaxRSS:6M
|  +- compile test ReleaseSafe native success 15s MaxRSS:406M
+- run test 5 pass (5 total) 4ms MaxRSS:6M
|  +- compile test ReleaseSafe native success 21s MaxRSS:395M
+- run test 12 pass (12 total) 4ms MaxRSS:6M
|  +- compile test ReleaseSafe native success 17s MaxRSS:419M
+- run test 8 pass (8 total) 4ms MaxRSS:6M
|  +- compile test ReleaseSafe native success 19s MaxRSS:400M
+- run test 6 pass (6 total) 5ms MaxRSS:5M
|  +- compile test ReleaseSafe native success 17s MaxRSS:427M
+- run test 2 pass (2 total) 3ms MaxRSS:6M
|  +- compile test ReleaseSafe native success 22s MaxRSS:384M
+- run test 24 pass (24 total) 17ms MaxRSS:5M
|  +- compile test ReleaseSafe native success 22s MaxRSS:510M
+- run test success 3ms MaxRSS:5M
   +- compile test ReleaseSafe native success 15s MaxRSS:386M

